// Jest Snapshot v1, https://goo.gl/fbAQLP

exports[`Layout component should render correctly 1`] = `
<div>
  <div
    class="Layout__LayoutWrapper-vor7ji-0 bSYIv"
  >
    <div
      class="Layout__ContentWrapper-vor7ji-1 eBJCUN"
    >
      <header
        class="mb4"
      >
        <nav>
          <div
            class="flex justify-between items-center"
          >
            <div
              class="flex"
            >
              <a
                class="link undefined RouterLink__A-hkpnw2-0 hTfQYN"
              >
                <div
                  class="Image__Container-sc-7c9yjn-0 hbTfHQ"
                >
                  <div
                    class="Image__Wrapper-sc-7c9yjn-1 imCQeS"
                  >
                    <img
                      alt="panvala logo"
                      class="Image-sc-7c9yjn-2 aZZLn"
                      src="/static/logo-black.svg"
                    />
                  </div>
                </div>
              </a>
            </div>
            <div
              class="flex justify-end"
            >
              <a
                class="link undefined RouterLink__A-hkpnw2-0 hTfQYN"
              >
                <div
                  class="Button__Wrapper-sc-1vedn6s-2 jHiEij"
                >
                  <button
                    class="Button__StyledButton-sc-1vedn6s-0 lahyEh"
                  >
                    Slates
                  </button>
                </div>
              </a>
              <a
                class="link undefined RouterLink__A-hkpnw2-0 hTfQYN"
              >
                <div
                  class="Button__Wrapper-sc-1vedn6s-2 jHiEij"
                >
                  <button
                    class="Button__StyledButton-sc-1vedn6s-0 lahyEh"
                  >
                    Proposals
                  </button>
                </div>
              </a>
              <a
                class="link undefined RouterLink__A-hkpnw2-0 hTfQYN"
              >
                <div
                  class="Button__Wrapper-sc-1vedn6s-2 jHiEij"
                >
                  <button
                    class="Button__StyledButton-sc-1vedn6s-0 lahyEh"
                  >
                    Ballots
                  </button>
                </div>
              </a>
            </div>
          </div>
        </nav>
      </header>
    </div>
    <div
      class="Toastify"
    />
  </div>
</div>
`;
