// Jest Snapshot v1, https://goo.gl/fbAQLP

exports[`CreateSlate should render correctly pages/slates/create form component 1`] = `
<div>
  <div>
    <div
      class="b f2 tc mv4"
    >
      Create a Grant Slate
    </div>
    <div
      class="Form__FormWrapper-naepsk-1 ciGIOt"
    >
      <form>
        <div
          class="pa4"
        >
          <div
            class="SectionLabel__StyledSectionLabel-sc-1fzxsyz-0 hMXPaX"
          >
            ABOUT
          </div>
          <label
            class="Label__StyledLabel-sc-1pdmyea-0 fEfxuf"
            for="email"
            required=""
          >
            Email
            <span
              class="Required__StyledRequired-sc-1du3aep-0 icgBVx"
            >
               *
            </span>
          </label>
          <input
            class="FieldText__Field-sc-1uqpfc5-0 dhVsEX"
            name="email"
            placeholder="Enter your email"
            type="text"
            value=""
          />
          <label
            class="Label__StyledLabel-sc-1pdmyea-0 fEfxuf"
            for="title"
            required=""
          >
            Title
            <span
              class="Required__StyledRequired-sc-1du3aep-0 icgBVx"
            >
               *
            </span>
          </label>
          <input
            class="FieldText__Field-sc-1uqpfc5-0 dhVsEX"
            name="title"
            placeholder="Enter title"
            type="text"
            value=""
          />
          <label
            class="Label__StyledLabel-sc-1pdmyea-0 fEfxuf"
            for="firstName"
            required=""
          >
            First Name
            <span
              class="Required__StyledRequired-sc-1du3aep-0 icgBVx"
            >
               *
            </span>
          </label>
          <input
            class="FieldText__Field-sc-1uqpfc5-0 dhVsEX"
            name="firstName"
            placeholder="Enter your first name"
            type="text"
            value=""
          />
          <label
            class="Label__StyledLabel-sc-1pdmyea-0 fEfxuf"
            for="lastName"
          >
            Last Name
          </label>
          <input
            class="FieldText__Field-sc-1uqpfc5-0 dhVsEX"
            name="lastName"
            placeholder="Enter your last name"
            type="text"
            value=""
          />
          <label
            class="Label__StyledLabel-sc-1pdmyea-0 fEfxuf"
            for="organization"
          >
            Organization Name
          </label>
          <input
            class="FieldText__Field-sc-1uqpfc5-0 dhVsEX"
            name="organization"
            placeholder="Enter your organization's name"
            type="text"
            value=""
          />
          <label
            class="Label__StyledLabel-sc-1pdmyea-0 fEfxuf"
            for="description"
            required=""
          >
            Description
            <span
              class="Required__StyledRequired-sc-1du3aep-0 icgBVx"
            >
               *
            </span>
          </label>
          <textarea
            class="FieldText__Field-sc-1uqpfc5-0 dhVsEX"
            name="description"
            placeholder="Enter a description for your slate"
            rows="8"
            type="textarea"
          />
        </div>
        <div
          class="create__Separator-sc-1iis3wx-0 izxoit"
        />
        <div
          class="pa4"
        >
          <div
            class="SectionLabel__StyledSectionLabel-sc-1fzxsyz-0 hMXPaX"
          >
            RECOMMENDATION
          </div>
          <label
            class="Label__StyledLabel-sc-1pdmyea-0 fEfxuf"
            for="recommendation"
            required=""
          >
            What type of recommendation would you like to make?
            <span
              class="Required__StyledRequired-sc-1du3aep-0 icgBVx"
            >
               *
            </span>
          </label>
          <div>
            <div
              class="Checkbox__Wrapper-sc-1ygebbu-0 guVRWe"
            >
              <div
                class="react-toggle"
              >
                <div
                  class="react-toggle-track"
                >
                  <div
                    class="react-toggle-track-check"
                  >
                    <svg
                      height="11"
                      viewBox="0 0 14 11"
                      width="14"
                    >
                      <title>
                        switch-check
                      </title>
                      <path
                        d="M11.264 0L5.26 6.004 2.103 2.847 0 4.95l5.26 5.26 8.108-8.107L11.264 0"
                        fill="#fff"
                        fill-rule="evenodd"
                      />
                    </svg>
                  </div>
                  <div
                    class="react-toggle-track-x"
                  >
                    <svg
                      height="10"
                      viewBox="0 0 10 10"
                      width="10"
                    >
                      <title>
                        switch-x
                      </title>
                      <path
                        d="M9.9 2.12L7.78 0 4.95 2.828 2.12 0 0 2.12l2.83 2.83L0 7.776 2.123 9.9 4.95 7.07 7.78 9.9 9.9 7.776 7.072 4.95 9.9 2.12"
                        fill="#fff"
                        fill-rule="evenodd"
                      />
                    </svg>
                  </div>
                </div>
                <div
                  class="react-toggle-thumb"
                />
                <input
                  class="react-toggle-screenreader-only"
                  name="recommendation"
                  type="checkbox"
                />
              </div>
              <label
                class="Checkbox__ToggleLabel-sc-1ygebbu-1 liSlWA Label__StyledLabel-sc-1pdmyea-0 fEfxuf"
                for="recommendation"
              >
                Recommend grant proposals
              </label>
            </div>
            <div
              class="Checkbox__Wrapper-sc-1ygebbu-0 guVRWe"
            >
              <div
                class="react-toggle"
              >
                <div
                  class="react-toggle-track"
                >
                  <div
                    class="react-toggle-track-check"
                  >
                    <svg
                      height="11"
                      viewBox="0 0 14 11"
                      width="14"
                    >
                      <title>
                        switch-check
                      </title>
                      <path
                        d="M11.264 0L5.26 6.004 2.103 2.847 0 4.95l5.26 5.26 8.108-8.107L11.264 0"
                        fill="#fff"
                        fill-rule="evenodd"
                      />
                    </svg>
                  </div>
                  <div
                    class="react-toggle-track-x"
                  >
                    <svg
                      height="10"
                      viewBox="0 0 10 10"
                      width="10"
                    >
                      <title>
                        switch-x
                      </title>
                      <path
                        d="M9.9 2.12L7.78 0 4.95 2.828 2.12 0 0 2.12l2.83 2.83L0 7.776 2.123 9.9 4.95 7.07 7.78 9.9 9.9 7.776 7.072 4.95 9.9 2.12"
                        fill="#fff"
                        fill-rule="evenodd"
                      />
                    </svg>
                  </div>
                </div>
                <div
                  class="react-toggle-thumb"
                />
                <input
                  class="react-toggle-screenreader-only"
                  name="recommendation"
                  type="checkbox"
                />
              </div>
              <label
                class="Checkbox__ToggleLabel-sc-1ygebbu-1 liSlWA Label__StyledLabel-sc-1pdmyea-0 fEfxuf"
                for="recommendation"
              >
                Recommend no action
              </label>
            </div>
          </div>
          <div>
            By recommending no action you are opposing any current or future slates for this batch.
          </div>
        </div>
        <div
          class="create__Separator-sc-1iis3wx-0 izxoit"
        />
        <div
          class="pa4"
        >
          <div
            class="SectionLabel__StyledSectionLabel-sc-1fzxsyz-0 hMXPaX"
          >
            GRANTS
          </div>
          <div
            class="mv3 f7 black-50"
          >
            Select the grants that you would like to add to your slate
          </div>
          <div
            class="flex flex-wrap"
          >
            <div
              class="Card__Wrapper-h3ymxi-0 gjicgu"
            >
              <div
                class="flex"
              >
                <div
                  class="Tag__Wrapper-l3n6sk-1 ceKKQx"
                >
                  <div
                    class="Tag__StyledTag-l3n6sk-0 cZzgaW"
                  >
                    GRANT PROPOSAL
                  </div>
                </div>
              </div>
              <div
                class="Card__CardTitle-h3ymxi-1 bSTxPd"
              >
                K Semantics for Web Assembly
              </div>
              <div
                class="Card__CardSubTitle-h3ymxi-2 kWUzrK"
              >
                200000
              </div>
              <div
                class="Card__CardDescription-h3ymxi-3 iIGibR"
              >
                A proposal to make Ethereum safer by enabling developers to formally verify smart contracts that run on Web Assembly.
              </div>
            </div>
            <div
              class="Card__Wrapper-h3ymxi-0 gjicgu"
            >
              <div
                class="flex"
              >
                <div
                  class="Tag__Wrapper-l3n6sk-1 ceKKQx"
                >
                  <div
                    class="Tag__StyledTag-l3n6sk-0 cZzgaW"
                  >
                    GRANT PROPOSAL
                  </div>
                </div>
              </div>
              <div
                class="Card__CardTitle-h3ymxi-1 bSTxPd"
              >
                Registry Builder Vote Weighting
              </div>
              <div
                class="Card__CardSubTitle-h3ymxi-2 kWUzrK"
              >
                175000
              </div>
              <div
                class="Card__CardDescription-h3ymxi-3 iIGibR"
              >
                A proposal to make Ethereum safer by improving a reusable library for token-curated registries.
              </div>
            </div>
            <div
              class="Card__Wrapper-h3ymxi-0 gjicgu"
            >
              <div
                class="flex"
              >
                <div
                  class="Tag__Wrapper-l3n6sk-1 ceKKQx"
                >
                  <div
                    class="Tag__StyledTag-l3n6sk-0 cZzgaW"
                  >
                    GRANT PROPOSAL
                  </div>
                </div>
              </div>
              <div
                class="Card__CardTitle-h3ymxi-1 bSTxPd"
              >
                Tidbit Dynamic Oracles
              </div>
              <div
                class="Card__CardSubTitle-h3ymxi-2 kWUzrK"
              >
                150000
              </div>
              <div
                class="Card__CardDescription-h3ymxi-3 iIGibR"
              >
                A proposal to make Ethereum safer by improving a reusable library for oracles.
              </div>
            </div>
            <div
              class="Card__Wrapper-h3ymxi-0 gjicgu"
            >
              <div
                class="flex"
              >
                <div
                  class="Tag__Wrapper-l3n6sk-1 ceKKQx"
                >
                  <div
                    class="Tag__StyledTag-l3n6sk-0 cZzgaW"
                  >
                    GRANT PROPOSAL
                  </div>
                </div>
              </div>
              <div
                class="Card__CardTitle-h3ymxi-1 bSTxPd"
              >
                Infrastructure Monitoring
              </div>
              <div
                class="Card__CardSubTitle-h3ymxi-2 kWUzrK"
              >
                200000
              </div>
              <div
                class="Card__CardDescription-h3ymxi-3 iIGibR"
              >
                A proposal to make Ethereum safer by monitoring high value systems and assets on Ethereum.
              </div>
            </div>
          </div>
        </div>
        <div
          class="create__Separator-sc-1iis3wx-0 izxoit"
        />
        <div
          class="flex pa4 justify-end"
        >
          <div
            class="Button__Wrapper-sc-1vedn6s-2 jHiEij"
          >
            <button
              class="Button__LargeButton-sc-1vedn6s-1 lfgnkA"
            >
              Back
            </button>
          </div>
          <div
            class="Button__Wrapper-sc-1vedn6s-2 jHiEij"
          >
            <button
              class="Button__LargeButton-sc-1vedn6s-1 lCuqq"
              type="submit"
            >
              Create Slate
            </button>
          </div>
        </div>
        <div />
      </form>
    </div>
  </div>
</div>
`;
